
> ednexus@1.0.0 test
> jest --detectOpenHandles

node.exe : FAIL __tests__/feedback.controller.test.js
At line:1 char:1
+ & "C:\Program Files\nodejs/node.exe" "C:\Program 
Files\nodejs/node_mo ...
+ ~~~~~~~~~~~~~~~~~~~~~~~~~~~~~~~~~~~~~~~~~~~~~~~~~~~~~~
~~~~~~~~~~~~~~~
    + CategoryInfo          : NotSpecified: (FAIL __tes 
   ts__/...troller.test.js:String) [], RemoteException
    + FullyQualifiedErrorId : NativeCommandError
 
  ÔùÅ Console

    console.log
      [dotenv@17.2.3] injecting env (2) from .env.test 
-- tip: ƒöæ add access controls to secrets: 
https://dotenvx.com/ops

      at _log (node_modules/dotenv/lib/main.js:142:11)

  ÔùÅ Feedback Controller Tests ÔÇ║ Feedback Validation 
& Edge Cases ÔÇ║ should enforce unique compound index 
on [projectId, authorId]

    expect(received).toBe(expected) // Object.is 
equality

    Expected: 201
    Received: 401

    [0m [90m 759 |[39m         })[33m;[39m
     [90m 760 |[39m
    [31m[1m>[22m[39m[90m 761 |[39m       expect(re
s1[33m.[39mstatus)[33m.[39mtoBe([35m201[39m)[33m;
[39m
     [90m     |[39m                           
[31m[1m^[22m[39m
     [90m 762 |[39m
     [90m 763 |[39m       [90m// Duplicate feedback 
fails[39m
     [90m 764 |[39m       [36mconst[39m res2 
[33m=[39m [36mawait[39m request(app)[0m

      at Object.toBe 
(__tests__/feedback.controller.test.js:761:27)

FAIL __tests__/project.controller.test.js
  ÔùÅ Console

    console.log
      [dotenv@17.2.3] injecting env (2) from .env.test 
-- tip: ÔÜÖ´©Å  override existing env vars with { 
override: true }

      at _log (node_modules/dotenv/lib/main.js:142:11)

  ÔùÅ Project Controller Tests ÔÇ║ DELETE /projects/:id 
- Delete Project ÔÇ║ should allow owner to delete 
project

    expect(received).toContain(expected) // indexOf

    Matcher error: received value must not be null nor 
undefined

    Received has value: undefined

    [0m [90m 493 |[39m       expect(deleteRes[33m.[
39mstatus)[33m.[39mtoBe([35m200[39m)[33m;[39m
     [90m 494 |[39m       expect(deleteRes[33m.[39mb
ody[33m.[39msuccess)[33m.[39mtoBe([36mtrue[39m)[3
3m;[39m
    [31m[1m>[22m[39m[90m 495 |[39m       expect(de
leteRes[33m.[39mbody[33m.[39mmessage)[33m.[39mtoCo
ntain([32m'deleted'[39m)[33m;[39m
     [90m     |[39m                                   
   [31m[1m^[22m[39m
     [90m 496 |[39m
     [90m 497 |[39m       [90m// Verify it's 
gone[39m
     [90m 498 |[39m       [36mconst[39m 
getAfterDelete [33m=[39m [36mawait[39m 
request(app)[0m

      at Object.toContain 
(__tests__/project.controller.test.js:495:38)

PASS __tests__/tier1.test.js
  ÔùÅ Console

    console.log
      [dotenv@17.2.3] injecting env (2) from .env.test 
-- tip: ƒôí add observability to secrets: 
https://dotenvx.com/ops

      at _log (node_modules/dotenv/lib/main.js:142:11)

PASS __tests__/dashboard.controller.test.js
  ÔùÅ Console

    console.log
      [dotenv@17.2.3] injecting env (2) from .env.test 
-- tip: ƒöÉ prevent building .env in docker: 
https://dotenvx.com/prebuild

      at _log (node_modules/dotenv/lib/main.js:142:11)

(node:28456) [MONGODB DRIVER] Warning: useNewUrlParser 
is a deprecated option: useNewUrlParser has no effect 
since Node.js Driver version 4.0.0 and will be removed 
in the next major version
(Use `node --trace-warnings ...` to show where the 
warning was created)
(node:28456) [MONGODB DRIVER] Warning: 
useUnifiedTopology is a deprecated option: 
useUnifiedTopology has no effect since Node.js Driver 
version 4.0.0 and will be removed in the next major 
version
PASS __tests__/auth.crud.test.js
  ÔùÅ Console

    console.log
      [dotenv@17.2.3] injecting env (2) from .env.test 
-- tip: ÔÜÖ´©Å  suppress all logs with { quiet: true }

      at _log (node_modules/dotenv/lib/main.js:142:11)

(node:28456) [MONGODB DRIVER] Warning: useNewUrlParser 
is a deprecated option: useNewUrlParser has no effect 
since Node.js Driver version 4.0.0 and will be removed 
in the next major version
(node:28456) [MONGODB DRIVER] Warning: 
useUnifiedTopology is a deprecated option: 
useUnifiedTopology has no effect since Node.js Driver 
version 4.0.0 and will be removed in the next major 
version
PASS __tests__/user.controller.test.js
  ÔùÅ Console

    console.log
      [dotenv@17.2.3] injecting env (2) from .env.test 
-- tip: ÔÜÖ´©Å  write to custom object with { 
processEnv: myObject }

      at _log (node_modules/dotenv/lib/main.js:142:11)

(node:28456) [MONGODB DRIVER] Warning: useNewUrlParser 
is a deprecated option: useNewUrlParser has no effect 
since Node.js Driver version 4.0.0 and will be removed 
in the next major version
(node:28456) [MONGODB DRIVER] Warning: 
useUnifiedTopology is a deprecated option: 
useUnifiedTopology has no effect since Node.js Driver 
version 4.0.0 and will be removed in the next major 
version
PASS __tests__/course.controller.test.js
  ÔùÅ Console

    console.log
      [dotenv@17.2.3] injecting env (2) from .env.test 
-- tip: ÔÜÖ´©Å  specify custom .env file path with { 
path: '/custom/path/.env' }

      at _log (node_modules/dotenv/lib/main.js:142:11)


Test Suites: 2 failed, 5 passed, 7 total
Tests:       2 failed, 191 passed, 193 total
Snapshots:   0 total
Time:        14.382 s
Ran all test suites.
